2,1
4,3
6,6
8,11
10,13
12,16
14,20
16,21
18,23
20,26
