1,0
2,0
3,0
4,6
5,11
6,16
7,21
8,22
9,23
10,24
11,25
12,26
13,28
14,30
15,32
16,34
17,37
18,40
19,43
20,46
