1,100
2,101
3,151
4,153
5,193
6,194
7,224
8,224
9,224
10,224
11,234
12,244
13,254
14,274
15,294
16,314
17,344
18,374
19,404
20,444
