1,4
2,7
3,10
4,13
5,16
6,19
7,22
8,25
9,28
10,31
11,32
12,33
13,34
14,35
15,36
16,37
17,38
18,39
19,40
20,41
