1,3
2,6
3,231
4,227
5,12
6,222
7,215
8,207
9,198
10,188
11,24
12,177
13,164
14,150
15,135
16,119
17,102
18,84
19,65
20,45
