1,0
2,0
3,0
4,100
5,106
6,316
7,311
8,306
9,600
10,600
11,600
12,600
13,1000
14,1000
15,1000
16,1000
17,1300
18,1300
19,1300
20,1300
