1,1
2,1730
3,1648
4,1565
5,1481
6,1396
7,1310
8,1223
9,1135
10,1046
11,956
12,865
13,773
14,680
15,586
16,491
17,395
18,298
19,200
20,101
