2,1
4,6
6,4
8,11
10,20
12,18
14,15
16,21
18,26
20,24
