2,1
4,4
6,6
8,11
10,15
12,18
14,20
16,21
18,24
20,26
