1,84
2,123
3,160
4,195
5,228
6,259
7,288
8,315
9,340
10,363
11,384
12,403
13,420
14,435
15,448
16,459
17,468
18,475
19,480
20,483
