1,800
2,790
3,770
4,740
5,700
6,650
7,583
8,486
9,359
10,283
11,120
12,125
13,140
14,284
15,360
16,426
17,487
18,538
19,584
20,620
