1,100
2,200
3,210
4,220
5,320
6,1340
7,330
8,340
9,1350
10,1360
11,1370
12,1380
13,1390
14,1400
15,1410
16,1420
17,1430
18,1440
19,1450
20,1460
