1,5
2,34
3,12
4,7
5,55
6,38
7,17
8,9
9,60
10,42
11,22
12,14
13,65
14,46
15,27
16,19
17,70
18,50
19,30
20,24
