1,7
2,8
3,35
4,9
5,42
6,10
7,11
8,49
9,12
10,13
11,56
12,7
13,7
14,7
15,7
16,14
17,16
18,19
19,23
20,28
