1,1
2,3
3,6
4,106
5,107
6,109
7,112
8,212
9,213
10,215
11,218
12,222
13,212
14,212
15,1500
16,1500
17,1501
18,1500
19,1502
20,1500
21,1503
22,1500
23,1504
24,1500
25,1505
26,1500
27,1506
28,1500
29,1507
30,1500
31,1508
